[2026-08-12T23:43:17.620+0000] {local_task_job_runner.py:120} INFO - ::group::Pre task execution logs
[2026-08-12T23:43:17.661+0000] {taskinstance.py:2076} INFO - Dependencies all met for dep_context=non-requeueable deps ti=<TaskInstance: flights_ops_medallion_pipe.snowflake_load manual__2026-08-12T23:42:54.278728+00:00 [queued]>
[2026-08-12T23:43:17.670+0000] {taskinstance.py:2076} INFO - Dependencies all met for dep_context=requeueable deps ti=<TaskInstance: flights_ops_medallion_pipe.snowflake_load manual__2026-08-12T23:42:54.278728+00:00 [queued]>
[2026-08-12T23:43:17.670+0000] {taskinstance.py:2306} INFO - Starting attempt 1 of 1
[2026-08-12T23:43:17.686+0000] {taskinstance.py:2330} INFO - Executing <Task(PythonOperator): snowflake_load> on 2026-08-12 23:42:54.278728+00:00
[2026-08-12T23:43:17.712+0000] {standard_task_runner.py:90} INFO - Running: ['airflow', 'tasks', 'run', '***_ops_medallion_pipe', 'snowflake_load', 'manual__2026-08-12T23:42:54.278728+00:00', '--job-id', '54', '--raw', '--subdir', 'DAGS_FOLDER/***-pipeline.py', '--cfg-path', '/tmp/tmpnc7zhbo2']
[2026-08-12T23:43:17.717+0000] {logging_mixin.py:188} WARNING - /home/airflow/.local/lib/python3.12/site-packages/airflow/task/task_runner/standard_task_runner.py:62 DeprecationWarning: This process (pid=1576) is multi-threaded, use of fork() may lead to deadlocks in the child.
[2026-08-12T23:43:17.719+0000] {standard_task_runner.py:91} INFO - Job 54: Subtask snowflake_load
[2026-08-12T23:43:17.720+0000] {standard_task_runner.py:64} INFO - Started process 1586 to run task
[2026-08-12T23:43:17.822+0000] {task_command.py:426} INFO - Running <TaskInstance: flights_ops_medallion_pipe.snowflake_load manual__2026-08-12T23:42:54.278728+00:00 [running]> on host e07d2bcd926c
[2026-08-12T23:43:17.958+0000] {taskinstance.py:2648} INFO - Exporting env vars: AIRFLOW_CTX_DAG_OWNER='airflow' AIRFLOW_CTX_DAG_ID='***_ops_medallion_pipe' AIRFLOW_CTX_TASK_ID='snowflake_load' AIRFLOW_CTX_EXECUTION_DATE='2026-08-12T23:42:54.278728+00:00' AIRFLOW_CTX_TRY_NUMBER='1' AIRFLOW_CTX_DAG_RUN_ID='manual__2026-08-12T23:42:54.278728+00:00'
[2026-08-12T23:43:17.959+0000] {taskinstance.py:430} INFO - ::endgroup::
[2026-08-12T23:43:18.022+0000] {base.py:84} INFO - Using connection ID 'flight_snowflake' for task execution.
[2026-08-12T23:43:18.024+0000] {connection.py:408} INFO - Snowflake Connector for Python Version: 3.11.0, Python Version: 3.12.4, Platform: Linux-6.6.87.2-microsoft-standard-WSL2-x86_64-with-glibc2.36
[2026-08-12T23:43:18.025+0000] {connection.py:1258} INFO - This connection is in OCSP Fail Open Mode. TLS Certificates would be checked for validity and revocation status. Any other Certificate Revocation related exceptions or OCSP Responder failures would be disregarded in favor of connectivity.
[2026-08-12T23:44:28.735+0000] {connection.py:773} INFO - closed
[2026-08-12T23:44:28.874+0000] {connection.py:779} INFO - No async queries seem to be running, deleting session
[2026-08-12T23:44:29.074+0000] {python.py:237} INFO - Done. Returned value was: None
[2026-08-12T23:44:29.076+0000] {taskinstance.py:441} INFO - ::group::Post task execution logs
[2026-08-12T23:44:29.098+0000] {taskinstance.py:1206} INFO - Marking task as SUCCESS. dag_id=***_ops_medallion_pipe, task_id=snowflake_load, run_id=manual__2026-08-12T23:42:54.278728+00:00, execution_date=20260812T234254, start_date=20260812T234317, end_date=20260812T234429
[2026-08-12T23:44:29.168+0000] {local_task_job_runner.py:243} INFO - Task exited with return code 0
[2026-08-12T23:44:29.192+0000] {taskinstance.py:3503} INFO - 0 downstream tasks scheduled from follow-on schedule check
[2026-08-12T23:44:29.197+0000] {local_task_job_runner.py:222} INFO - ::endgroup::
