[2026-08-12T23:12:28.346+0000] {local_task_job_runner.py:120} INFO - ::group::Pre task execution logs
[2026-08-12T23:12:28.396+0000] {taskinstance.py:2076} INFO - Dependencies all met for dep_context=non-requeueable deps ti=<TaskInstance: flights_ops_medallion_pipe.snowflake_load manual__2026-08-12T23:12:04.286949+00:00 [queued]>
[2026-08-12T23:12:28.405+0000] {taskinstance.py:2076} INFO - Dependencies all met for dep_context=requeueable deps ti=<TaskInstance: flights_ops_medallion_pipe.snowflake_load manual__2026-08-12T23:12:04.286949+00:00 [queued]>
[2026-08-12T23:12:28.406+0000] {taskinstance.py:2306} INFO - Starting attempt 1 of 1
[2026-08-12T23:12:28.440+0000] {taskinstance.py:2330} INFO - Executing <Task(PythonOperator): snowflake_load> on 2026-08-12 23:12:04.286949+00:00
[2026-08-12T23:12:28.468+0000] {logging_mixin.py:188} WARNING - /home/airflow/.local/lib/python3.12/site-packages/airflow/task/task_runner/standard_task_runner.py:62 DeprecationWarning: This process (pid=1135) is multi-threaded, use of fork() may lead to deadlocks in the child.
[2026-08-12T23:12:28.465+0000] {standard_task_runner.py:90} INFO - Running: ['airflow', 'tasks', 'run', '***_ops_medallion_pipe', 'snowflake_load', 'manual__2026-08-12T23:12:04.286949+00:00', '--job-id', '30', '--raw', '--subdir', 'DAGS_FOLDER/***-pipeline.py', '--cfg-path', '/tmp/tmpo4xsleau']
[2026-08-12T23:12:28.470+0000] {standard_task_runner.py:64} INFO - Started process 1145 to run task
[2026-08-12T23:12:28.470+0000] {standard_task_runner.py:91} INFO - Job 30: Subtask snowflake_load
[2026-08-12T23:12:28.564+0000] {task_command.py:426} INFO - Running <TaskInstance: flights_ops_medallion_pipe.snowflake_load manual__2026-08-12T23:12:04.286949+00:00 [running]> on host e07d2bcd926c
[2026-08-12T23:12:28.697+0000] {taskinstance.py:2648} INFO - Exporting env vars: AIRFLOW_CTX_DAG_OWNER='airflow' AIRFLOW_CTX_DAG_ID='***_ops_medallion_pipe' AIRFLOW_CTX_TASK_ID='snowflake_load' AIRFLOW_CTX_EXECUTION_DATE='2026-08-12T23:12:04.286949+00:00' AIRFLOW_CTX_TRY_NUMBER='1' AIRFLOW_CTX_DAG_RUN_ID='manual__2026-08-12T23:12:04.286949+00:00'
[2026-08-12T23:12:28.699+0000] {taskinstance.py:430} INFO - ::endgroup::
[2026-08-12T23:12:28.768+0000] {base.py:84} INFO - Using connection ID 'flight_snowflake' for task execution.
[2026-08-12T23:12:28.770+0000] {connection.py:408} INFO - Snowflake Connector for Python Version: 3.11.0, Python Version: 3.12.4, Platform: Linux-6.6.87.2-microsoft-standard-WSL2-x86_64-with-glibc2.36
[2026-08-12T23:12:28.819+0000] {taskinstance.py:441} INFO - ::group::Post task execution logs
[2026-08-12T23:12:28.820+0000] {taskinstance.py:2905} ERROR - Task failed with exception
Traceback (most recent call last):
  File "/home/airflow/.local/lib/python3.12/site-packages/airflow/models/taskinstance.py", line 465, in _execute_task
    result = _execute_callable(context=context, **execute_callable_kwargs)
             ^^^^^^^^^^^^^^^^^^^^^^^^^^^^^^^^^^^^^^^^^^^^^^^^^^^^^^^^^^^^^
  File "/home/airflow/.local/lib/python3.12/site-packages/airflow/models/taskinstance.py", line 432, in _execute_callable
    return execute_callable(context=context, **execute_callable_kwargs)
           ^^^^^^^^^^^^^^^^^^^^^^^^^^^^^^^^^^^^^^^^^^^^^^^^^^^^^^^^^^^^
  File "/home/airflow/.local/lib/python3.12/site-packages/airflow/models/baseoperator.py", line 401, in wrapper
    return func(self, *args, **kwargs)
           ^^^^^^^^^^^^^^^^^^^^^^^^^^^
  File "/home/airflow/.local/lib/python3.12/site-packages/airflow/operators/python.py", line 235, in execute
    return_value = self.execute_callable()
                   ^^^^^^^^^^^^^^^^^^^^^^^
  File "/home/airflow/.local/lib/python3.12/site-packages/airflow/operators/python.py", line 252, in execute_callable
    return self.python_callable(*self.op_args, **self.op_kwargs)
           ^^^^^^^^^^^^^^^^^^^^^^^^^^^^^^^^^^^^^^^^^^^^^^^^^^^^^
  File "/opt/airflow/scripts/snowflake_implement.py", line 24, in snowflake_load
    sf_conn = snowflake.connector.connect(
              ^^^^^^^^^^^^^^^^^^^^^^^^^^^^
  File "/home/airflow/.local/lib/python3.12/site-packages/snowflake/connector/__init__.py", line 55, in Connect
    return SnowflakeConnection(**kwargs)
           ^^^^^^^^^^^^^^^^^^^^^^^^^^^^^
  File "/home/airflow/.local/lib/python3.12/site-packages/snowflake/connector/connection.py", line 451, in __init__
    self.connect(**kwargs)
  File "/home/airflow/.local/lib/python3.12/site-packages/snowflake/connector/connection.py", line 716, in connect
    self.__config(**kwargs)
  File "/home/airflow/.local/lib/python3.12/site-packages/snowflake/connector/connection.py", line 1227, in __config
    Error.errorhandler_wrapper(
  File "/home/airflow/.local/lib/python3.12/site-packages/snowflake/connector/errors.py", line 290, in errorhandler_wrapper
    handed_over = Error.hand_to_other_handler(
                  ^^^^^^^^^^^^^^^^^^^^^^^^^^^^
  File "/home/airflow/.local/lib/python3.12/site-packages/snowflake/connector/errors.py", line 348, in hand_to_other_handler
    connection.errorhandler(connection, cursor, error_class, error_value)
  File "/home/airflow/.local/lib/python3.12/site-packages/snowflake/connector/errors.py", line 221, in default_errorhandler
    raise error_class(
snowflake.connector.errors.ProgrammingError: 251006: 251006: Password is empty
[2026-08-12T23:12:28.837+0000] {taskinstance.py:1206} INFO - Marking task as FAILED. dag_id=***_ops_medallion_pipe, task_id=snowflake_load, run_id=manual__2026-08-12T23:12:04.286949+00:00, execution_date=20260812T231204, start_date=20260812T231228, end_date=20260812T231228
[2026-08-12T23:12:28.860+0000] {standard_task_runner.py:110} ERROR - Failed to execute job 30 for task snowflake_load (251006: 251006: Password is empty; 1145)
[2026-08-12T23:12:28.888+0000] {local_task_job_runner.py:243} INFO - Task exited with return code 1
[2026-08-12T23:12:28.911+0000] {taskinstance.py:3503} INFO - 0 downstream tasks scheduled from follow-on schedule check
[2026-08-12T23:12:28.916+0000] {local_task_job_runner.py:222} INFO - ::endgroup::
